ptxas info    : 0 bytes gmem
ptxas info    : Compiling entry function '_Z9mt_matvecPK2P2' for 'sm_75'
ptxas info    : Function properties for _Z9mt_matvecPK2P2
    0 bytes stack frame, 0 bytes spill stores, 0 bytes spill loads
ptxas info    : Used 108 registers, used 1 barriers, 33280 bytes smem, 360 bytes cmem[0]
ptxas info    : Compile time = 174.279 ms
ptxas info    : Compiling entry function '_Z7mega_mtPK2P2' for 'sm_75'
ptxas info    : Function properties for _Z7mega_mtPK2P2
    0 bytes stack frame, 0 bytes spill stores, 0 bytes spill loads
ptxas info    : Used 128 registers, used 1 barriers, 45320 bytes smem, 360 bytes cmem[0], 8 bytes cmem[2]
ptxas info    : Compile time = 2976.002 ms
ptxas info    : Function properties for _Z11attn_causalRK2P2ii
    0 bytes stack frame, 0 bytes spill stores, 0 bytes spill loads
ptxas info    : Compiling entry function '_Z11mega_detailPK2P2' for 'sm_75'
ptxas info    : Function properties for _Z11mega_detailPK2P2
    0 bytes stack frame, 0 bytes spill stores, 0 bytes spill loads
ptxas info    : Used 128 registers, used 1 barriers, 45256 bytes smem, 360 bytes cmem[0], 8 bytes cmem[2]
ptxas info    : Compile time = 2991.014 ms
ptxas info    : Function properties for _Z11attn_causalRK2P2ii
    0 bytes stack frame, 0 bytes spill stores, 0 bytes spill loads
